---
source: src/tacky/tacky_tests.rs
expression: "test_string_success(\"int main(void) { return 1 + 2 * 3; }\")?"
---
name: main
body:
  - Binary:
      op: Multiply
      dest:
        Var: 0
      left:
        Constant: 2
      right:
        Constant: 3
  - Binary:
      op: Add
      dest:
        Var: 1
      left:
        Constant: 1
      right:
        Var: 0
  - Return:
      Var: 1
